SUMMARY:
	ROM0: 297 bytes used / 16087 free
	ROMX: 8192 bytes used / 8192 free in 1 bank

ROM0 bank #0:
	SECTION: $0000-$0012 ($0013 bytes) ["main"]
	         $0000 = main
	         $0000 = main.wait_vblank_u1
	         $000e = main.loop
	EMPTY: $0013-$003f ($002d bytes)
	SECTION: $0040-$0040 ($0001 byte) ["vblank_interrupt"]
	SECTION: $0041-$00b3 ($0073 bytes) ["sample"]
	         $0041 = InitSample
	         $0056 = InitSample.init_oam_u1
	         $0062 = InitSample.load_tile_u2
	         $0080 = UpdateSample
	EMPTY: $00b4-$00ff ($004c bytes)
	SECTION: $0100-$014f ($0050 bytes) ["header"]
	         $0100 = entrypoint
	SECTION: $0150-$01a1 ($0052 bytes) ["test"]
	         $0150 = test
	         $0159 = random
	         $015e = random.loop
	         $0169 = multiply
	         $0170 = count_up
	         $0174 = count_up.loop
	         $0178 = increment_r16
	         $017b = increment_r16.loop
	         $0180 = Multiply_Function
	         $0183 = Multiply_Function.loop
	         $0188 = loop
	         $018a = Calculator
	         $0198 = Calculator.add
	         $019b = Calculator.sub
	         $019e = Calculator.double
	EMPTY: $01a2-$3fff ($3e5e bytes)
	TOTAL EMPTY: $3ed7 bytes

ROMX bank #1:
	EMPTY: $4000-$5fff ($2000 bytes)
	SECTION: $6000-$7fff ($2000 bytes) ["graphics_data"]
	TOTAL EMPTY: $2000 bytes
