SUMMARY:
	ROM0: 202 bytes used / 16182 free
	ROMX: 7168 bytes used / 9216 free in 1 bank

ROM0 bank #0:
	SECTION: $0000-$0051 ($0052 bytes) ["test"]
	         $0000 = test
	         $0009 = random
	         $000e = random.loop
	         $0019 = multiply
	         $0020 = count_up
	         $0024 = count_up.loop
	         $0028 = increment_r16
	         $002b = increment_r16.loop
	         $0030 = Multiply_Function
	         $0033 = Multiply_Function.loop
	         $0038 = loop
	         $003a = Calculator
	         $0048 = Calculator.add
	         $004b = Calculator.sub
	         $004e = Calculator.double
	SECTION: $0052-$0066 ($0015 bytes) ["sample"]
	         $0052 = InitSample
	         $0058 = InitSample.load_tile_u1
	         $0066 = UpdateSample
	SECTION: $0067-$0079 ($0013 bytes) ["main"]
	         $0067 = main
	         $0067 = main.wait_vblank_u1
	         $0075 = main.loop
	EMPTY: $007a-$00ff ($0086 bytes)
	SECTION: $0100-$014f ($0050 bytes) ["header"]
	         $0100 = entrypoint
	EMPTY: $0150-$3fff ($3eb0 bytes)
	TOTAL EMPTY: $3f36 bytes

ROMX bank #1:
	EMPTY: $4000-$63ff ($2400 bytes)
	SECTION: $6400-$7fff ($1c00 bytes) ["graphics_data"]
	TOTAL EMPTY: $2400 bytes
